// Jest Snapshot v1, https://goo.gl/fbAQLP

exports[`renders correctly 1`] = `
<section
  id="about"
>
  <div
    className="relative"
  >
    <img
      alt="About Page Image"
      className="w-full -mt-10"
      data-nimg="1"
      decoding="async"
      height={100}
      loading="lazy"
      onError={[Function]}
      onLoad={[Function]}
      sizes="100vw"
      src="/_next/image?url=%2Fimages%2Fabout.png&w=3840&q=75"
      srcSet="/_next/image?url=%2Fimages%2Fabout.png&w=640&q=75 640w, /_next/image?url=%2Fimages%2Fabout.png&w=750&q=75 750w, /_next/image?url=%2Fimages%2Fabout.png&w=828&q=75 828w, /_next/image?url=%2Fimages%2Fabout.png&w=1080&q=75 1080w, /_next/image?url=%2Fimages%2Fabout.png&w=1200&q=75 1200w, /_next/image?url=%2Fimages%2Fabout.png&w=1920&q=75 1920w, /_next/image?url=%2Fimages%2Fabout.png&w=2048&q=75 2048w, /_next/image?url=%2Fimages%2Fabout.png&w=3840&q=75 3840w"
      style={
        Object {
          "color": "transparent",
          "height": "auto",
          "width": "100%",
        }
      }
      width={100}
    />
    <div
      className="absolute inset-0 lg:relative lg:my-28"
    >
      <div
        className="flex h-full w-full flex-col items-center justify-center"
      >
        <h2
          className=" m-1 text-center text-xl font-black md:m-4 md:text-2xl lg:text-4xl font-sans"
        >
          about
        </h2>
        <p
          className=" text-md mx-12 text-center md:mx-24 md:text-2xl lg:mx-32 lg:text-2xl font-sans"
        >
          brief
        </p>
      </div>
    </div>
  </div>
</section>
`;
