// Jest Snapshot v1, https://goo.gl/fbAQLP

exports[`renders correctly 1`] = `
<div
  className="w-11/12 mx-auto rounded-3xl flex flex-col justify-center bg-[#d4f3fa] md:px-10 px-2 py-10"
>
  <div>
    <label
      className="font-extrabold text-2xl py-2 ml-3 text-gray-800"
    >
      changePassword
    </label>
  </div>
  <div
    className="flex flex-row py-6"
  >
    <div
      className="px-3 mb-3 w-full "
    >
      <div
        className="input__InputWrapper-sc-1hj52gj-0 hyTiyQ input-wrapper floating-label toggle-password"
      >
        <input
          className="text-input default !bg-white !border-2 !border-[black] !rounded-lg !shadow-none focus:[&:not(#password)]:!border-[3px] focus:[&:not(#password)]:!border-[black] focus:ring-0"
          id="f8445d83-d755-5b"
          name="New Password"
          onBlur={[Function]}
          onChange={[Function]}
          onFocus={[Function]}
          pattern="^(?=.*[A-Z])(?=.*\\\\d)[A-Za-z\\\\d*&$@!%#?^(){}[\\\\]<>|~+=_-]{8,32}$"
          placeholder="newPassword"
          required={false}
          type="password"
          value=""
        />
        <label
          className="form-label"
          htmlFor="f8445d83-d755-5b"
        >
          newPassword
        </label>
        <button
          aria-label="Show/Hide password"
          className="show-password-button"
          onClick={[Function]}
        />
      </div>
      <p
        className="italic"
      />
    </div>
    <div
      className="px-3 mb-3 w-full "
    >
      <div
        className="input__InputWrapper-sc-1hj52gj-0 hyTiyQ input-wrapper floating-label toggle-password"
      >
        <input
          className="text-input default !bg-white !border-2 !border-[black] !rounded-lg !shadow-none focus:[&:not(#password)]:!border-[3px] focus:[&:not(#password)]:!border-[black] focus:ring-0"
          id="9b21eda7-1b1c-54"
          name="Confirm Password"
          onBlur={[Function]}
          onChange={[Function]}
          onFocus={[Function]}
          pattern="^(?=.*[A-Z])(?=.*\\\\d)[A-Za-z\\\\d*&$@!%#?^(){}[\\\\]<>|~+=_-]{8,32}$"
          placeholder="confirmPassword"
          required={false}
          type="password"
          value=""
        />
        <label
          className="form-label"
          htmlFor="9b21eda7-1b1c-54"
        >
          confirmPassword
        </label>
        <button
          aria-label="Show/Hide password"
          className="show-password-button"
          onClick={[Function]}
        />
      </div>
      <p
        className="italic"
      />
    </div>
  </div>
  <div
    className="flex flex-row justify-end"
  >
    <button
      className="button__ButtonWrapper-sc-1aw98b4-0 button !w-36 !h-16 lg:!w-56 !bg-primary-200  !text-white !font-semibold !rounded-lg !text-sm lg:!text-md !px-3 sm:!px-5 !py-3 !shadow-none !border-none undefined"
      disabled={false}
    >
      submit
    </button>
    <button
      className="button__ButtonWrapper-sc-1aw98b4-0 button !w-36 !h-16 !py-2 !px-1 !transition !bg-white !border-2 !border-[black] !rounded-lg !shadow-[2px_2px_#1A1A1A] !w-36"
      disabled={false}
    >
      cancel
    </button>
  </div>
</div>
`;
