// Jest Snapshot v1, https://goo.gl/fbAQLP

exports[`renders correctly 1`] = `
<div
  style={
    Object {
      "display": "flex",
      "gap": "6px",
    }
  }
>
  <div
    style={
      Object {
        "marginInlineEnd": "10px",
      }
    }
  />
  <span>
    0 
    attendees
  </span>
</div>
`;
