// Jest Snapshot v1, https://goo.gl/fbAQLP

exports[`renders correctly 1`] = `
<div
  className="order-1 lg:w-7/12 w-full px-2 font-sans text-black-100"
>
  <h2
    className="text-2xl font-sans text-black-100  font-semibold mb-2 "
  >
    Event Description:
  </h2>
  <p
    className="  lg:text-lg  text-black-50 font-sans  md:text-md"
  />
</div>
`;
