// Jest Snapshot v1, https://goo.gl/fbAQLP

exports[`renders correctly 1`] = `
<section
  className="container text-center mt-40"
>
  <h2
    className="text-center text-black-100 text-4xl font-sans "
  >
    goalsTitle
  </h2>
  <p
    className="text-black-50 text-xl leading-8 !my-10"
  >
    goalsDescription
  </p>
  <div
    className="grid grid-cols-3 lg:grid-cols-6 gap-y-14"
  >
    <img
      alt="Family with title \\"No poverty\\""
      data-nimg="1"
      decoding="async"
      height={152}
      loading="lazy"
      onError={[Function]}
      onLoad={[Function]}
      src="/_next/image?url=%2Fimg.jpg&w=384&q=75"
      srcSet="/_next/image?url=%2Fimg.jpg&w=256&q=75 1x, /_next/image?url=%2Fimg.jpg&w=384&q=75 2x"
      style={
        Object {
          "color": "transparent",
        }
      }
      width={180}
    />
    <img
      alt="Cup with soup in it with title \\"ZERO HUNGER\\""
      data-nimg="1"
      decoding="async"
      height={152}
      loading="lazy"
      onError={[Function]}
      onLoad={[Function]}
      src="/_next/image?url=%2Fimg.jpg&w=384&q=75"
      srcSet="/_next/image?url=%2Fimg.jpg&w=256&q=75 1x, /_next/image?url=%2Fimg.jpg&w=384&q=75 2x"
      style={
        Object {
          "color": "transparent",
        }
      }
      width={180}
    />
    <img
      alt="Heart with title \\"GOOD HEALTH AND WELL-BEING\\""
      data-nimg="1"
      decoding="async"
      height={152}
      loading="lazy"
      onError={[Function]}
      onLoad={[Function]}
      src="/_next/image?url=%2Fimg.jpg&w=384&q=75"
      srcSet="/_next/image?url=%2Fimg.jpg&w=256&q=75 1x, /_next/image?url=%2Fimg.jpg&w=384&q=75 2x"
      style={
        Object {
          "color": "transparent",
        }
      }
      width={180}
    />
    <img
      alt="Book open with title \\"QUALITY EDUACTION\\""
      data-nimg="1"
      decoding="async"
      height={152}
      loading="lazy"
      onError={[Function]}
      onLoad={[Function]}
      src="/_next/image?url=%2Fimg.jpg&w=384&q=75"
      srcSet="/_next/image?url=%2Fimg.jpg&w=256&q=75 1x, /_next/image?url=%2Fimg.jpg&w=384&q=75 2x"
      style={
        Object {
          "color": "transparent",
        }
      }
      width={180}
    />
    <img
      alt="Male and female gender symbol with title \\"GENDER EQUITY\\""
      data-nimg="1"
      decoding="async"
      height={152}
      loading="lazy"
      onError={[Function]}
      onLoad={[Function]}
      src="/_next/image?url=%2Fimg.jpg&w=384&q=75"
      srcSet="/_next/image?url=%2Fimg.jpg&w=256&q=75 1x, /_next/image?url=%2Fimg.jpg&w=384&q=75 2x"
      style={
        Object {
          "color": "transparent",
        }
      }
      width={180}
    />
    <img
      alt="Water dripping down with title \\"CLEAN WATER AND SANITATION\\""
      data-nimg="1"
      decoding="async"
      height={152}
      loading="lazy"
      onError={[Function]}
      onLoad={[Function]}
      src="/_next/image?url=%2Fimg.jpg&w=384&q=75"
      srcSet="/_next/image?url=%2Fimg.jpg&w=256&q=75 1x, /_next/image?url=%2Fimg.jpg&w=384&q=75 2x"
      style={
        Object {
          "color": "transparent",
        }
      }
      width={180}
    />
    <img
      alt="Sun with shutdown symbol with title \\"AFFORDABLE AND CLEAN ENERGY\\""
      data-nimg="1"
      decoding="async"
      height={152}
      loading="lazy"
      onError={[Function]}
      onLoad={[Function]}
      src="/_next/image?url=%2Fimg.jpg&w=384&q=75"
      srcSet="/_next/image?url=%2Fimg.jpg&w=256&q=75 1x, /_next/image?url=%2Fimg.jpg&w=384&q=75 2x"
      style={
        Object {
          "color": "transparent",
        }
      }
      width={180}
    />
    <img
      alt="Line goning up with title \\"DECENT WORK AND ECONOMIC GROWTH\\""
      data-nimg="1"
      decoding="async"
      height={152}
      loading="lazy"
      onError={[Function]}
      onLoad={[Function]}
      src="/_next/image?url=%2Fimg.jpg&w=384&q=75"
      srcSet="/_next/image?url=%2Fimg.jpg&w=256&q=75 1x, /_next/image?url=%2Fimg.jpg&w=384&q=75 2x"
      style={
        Object {
          "color": "transparent",
        }
      }
      width={180}
    />
    <img
      alt="three cubes with title \\"INDUSTRY, INNOVATION AND INFRASTRUCTURE\\""
      data-nimg="1"
      decoding="async"
      height={152}
      loading="lazy"
      onError={[Function]}
      onLoad={[Function]}
      src="/_next/image?url=%2Fimg.jpg&w=384&q=75"
      srcSet="/_next/image?url=%2Fimg.jpg&w=256&q=75 1x, /_next/image?url=%2Fimg.jpg&w=384&q=75 2x"
      style={
        Object {
          "color": "transparent",
        }
      }
      width={180}
    />
    <img
      alt="Equal symbol with title \\"REDUCED INEQUALITIES\\""
      data-nimg="1"
      decoding="async"
      height={152}
      loading="lazy"
      onError={[Function]}
      onLoad={[Function]}
      src="/_next/image?url=%2Fimg.jpg&w=384&q=75"
      srcSet="/_next/image?url=%2Fimg.jpg&w=256&q=75 1x, /_next/image?url=%2Fimg.jpg&w=384&q=75 2x"
      style={
        Object {
          "color": "transparent",
        }
      }
      width={180}
    />
    <img
      alt="four buildings with title \\"SUSTAINABLE CITIES AND COMMUNITIES\\""
      data-nimg="1"
      decoding="async"
      height={152}
      loading="lazy"
      onError={[Function]}
      onLoad={[Function]}
      src="/_next/image?url=%2Fimg.jpg&w=384&q=75"
      srcSet="/_next/image?url=%2Fimg.jpg&w=256&q=75 1x, /_next/image?url=%2Fimg.jpg&w=384&q=75 2x"
      style={
        Object {
          "color": "transparent",
        }
      }
      width={180}
    />
    <img
      alt="Infinity arrow with title \\"RESPONSIBLE CONSUMPTION AND PRODUCTION\\""
      data-nimg="1"
      decoding="async"
      height={152}
      loading="lazy"
      onError={[Function]}
      onLoad={[Function]}
      src="/_next/image?url=%2Fimg.jpg&w=384&q=75"
      srcSet="/_next/image?url=%2Fimg.jpg&w=256&q=75 1x, /_next/image?url=%2Fimg.jpg&w=384&q=75 2x"
      style={
        Object {
          "color": "transparent",
        }
      }
      width={180}
    />
    <img
      alt="Eye with globe as pupil with title \\"CLIMATE ACTION\\""
      data-nimg="1"
      decoding="async"
      height={152}
      loading="lazy"
      onError={[Function]}
      onLoad={[Function]}
      src="/_next/image?url=%2Fimg.jpg&w=384&q=75"
      srcSet="/_next/image?url=%2Fimg.jpg&w=256&q=75 1x, /_next/image?url=%2Fimg.jpg&w=384&q=75 2x"
      style={
        Object {
          "color": "transparent",
        }
      }
      width={180}
    />
    <img
      alt="Fish with title \\"LIFE BELOW WATER\\""
      data-nimg="1"
      decoding="async"
      height={152}
      loading="lazy"
      onError={[Function]}
      onLoad={[Function]}
      src="/_next/image?url=%2Fimg.jpg&w=384&q=75"
      srcSet="/_next/image?url=%2Fimg.jpg&w=256&q=75 1x, /_next/image?url=%2Fimg.jpg&w=384&q=75 2x"
      style={
        Object {
          "color": "transparent",
        }
      }
      width={180}
    />
    <img
      alt="Tree with title \\"LIFE ON LAND\\""
      data-nimg="1"
      decoding="async"
      height={152}
      loading="lazy"
      onError={[Function]}
      onLoad={[Function]}
      src="/_next/image?url=%2Fimg.jpg&w=384&q=75"
      srcSet="/_next/image?url=%2Fimg.jpg&w=256&q=75 1x, /_next/image?url=%2Fimg.jpg&w=384&q=75 2x"
      style={
        Object {
          "color": "transparent",
        }
      }
      width={180}
    />
    <img
      alt="Bird with title \\"PEACE, JUSTICE and STRONG institutions\\""
      data-nimg="1"
      decoding="async"
      height={152}
      loading="lazy"
      onError={[Function]}
      onLoad={[Function]}
      src="/_next/image?url=%2Fimg.jpg&w=384&q=75"
      srcSet="/_next/image?url=%2Fimg.jpg&w=256&q=75 1x, /_next/image?url=%2Fimg.jpg&w=384&q=75 2x"
      style={
        Object {
          "color": "transparent",
        }
      }
      width={180}
    />
    <img
      alt="Circles intersection with title \\"Partnerships for the goals\\""
      data-nimg="1"
      decoding="async"
      height={152}
      loading="lazy"
      onError={[Function]}
      onLoad={[Function]}
      src="/_next/image?url=%2Fimg.jpg&w=384&q=75"
      srcSet="/_next/image?url=%2Fimg.jpg&w=256&q=75 1x, /_next/image?url=%2Fimg.jpg&w=384&q=75 2x"
      style={
        Object {
          "color": "transparent",
        }
      }
      width={180}
    />
    <img
      alt="SDG Wheel"
      data-nimg="1"
      decoding="async"
      height={142}
      loading="lazy"
      onError={[Function]}
      onLoad={[Function]}
      src="/_next/image?url=%2Fimg.jpg&w=384&q=75"
      srcSet="/_next/image?url=%2Fimg.jpg&w=256&q=75 1x, /_next/image?url=%2Fimg.jpg&w=384&q=75 2x"
      style={
        Object {
          "color": "transparent",
        }
      }
      width={142}
    />
  </div>
</section>
`;
