// Jest Snapshot v1, https://goo.gl/fbAQLP

exports[`renders correctly 1`] = `
<div
  className="mt-10 "
>
  <div
    className="flex flex-wrap items-center justify-center overflow-hidden lg:ml-8 lg:mr-8 lg:flex-row lg:flex-wrap lg:items-center lg:justify-center"
  >
    <div
      className="w-[33%] flex justify-center lg:py-3 lg:px-3 md:py-2 md:px-2 py-1 px-1 "
    >
      <button
        className="button__ButtonWrapper-sc-1aw98b4-0 button  w-full lg:h-18 h-16 px-1 transition bg-white !border-2 !rounded-lg !shadow-[2px_2px_#1A1A1A]"
        disabled={false}
        onClick={[Function]}
        type="button"
      >
        <div
          className="relative flex items-center justify-center "
        >
          <p
            className="block w-max font-semibold text-gray-900 text-xs py-1 "
          >
            Zero Hunger
          </p>
        </div>
      </button>
    </div>
    <div
      className="w-[33%] flex justify-center lg:py-3 lg:px-3 md:py-2 md:px-2 py-1 px-1 "
    >
      <button
        className="button__ButtonWrapper-sc-1aw98b4-0 button  w-full lg:h-18 h-16 px-1 transition bg-white !border-2 !rounded-lg !shadow-[2px_2px_#1A1A1A]"
        disabled={false}
        onClick={[Function]}
        type="button"
      >
        <div
          className="relative flex items-center justify-center "
        >
          <p
            className="block w-max font-semibold text-gray-900 text-xs py-1 "
          >
            No Poverty
          </p>
        </div>
      </button>
    </div>
    <div
      className="w-[33%] flex justify-center lg:py-3 lg:px-3 md:py-2 md:px-2 py-1 px-1 "
    >
      <button
        className="button__ButtonWrapper-sc-1aw98b4-0 button  w-full lg:h-18 h-16 px-1 transition bg-white !border-2 !rounded-lg !shadow-[2px_2px_#1A1A1A]"
        disabled={false}
        onClick={[Function]}
        type="button"
      >
        <div
          className="relative flex items-center justify-center "
        >
          <p
            className="block w-max font-semibold text-gray-900 text-xs py-1 "
          >
            Good Health and Well Being
          </p>
        </div>
      </button>
    </div>
    <div
      className="w-[33%] flex justify-center lg:py-3 lg:px-3 md:py-2 md:px-2 py-1 px-1 "
    >
      <button
        className="button__ButtonWrapper-sc-1aw98b4-0 button  w-full lg:h-18 h-16 px-1 transition bg-white !border-2 !rounded-lg !shadow-[2px_2px_#1A1A1A]"
        disabled={false}
        onClick={[Function]}
        type="button"
      >
        <div
          className="relative flex items-center justify-center "
        >
          <p
            className="block w-max font-semibold text-gray-900 text-xs py-1 "
          >
            Quality Education
          </p>
        </div>
      </button>
    </div>
    <div
      className="w-[33%] flex justify-center lg:py-3 lg:px-3 md:py-2 md:px-2 py-1 px-1 "
    >
      <button
        className="button__ButtonWrapper-sc-1aw98b4-0 button  w-full lg:h-18 h-16 px-1 transition bg-white !border-2 !rounded-lg !shadow-[2px_2px_#1A1A1A]"
        disabled={false}
        onClick={[Function]}
        type="button"
      >
        <div
          className="relative flex items-center justify-center "
        >
          <p
            className="block w-max font-semibold text-gray-900 text-xs py-1 "
          >
            Gender Equality
          </p>
        </div>
      </button>
    </div>
    <div
      className="w-[33%] flex justify-center lg:py-3 lg:px-3 md:py-2 md:px-2 py-1 px-1 "
    >
      <button
        className="button__ButtonWrapper-sc-1aw98b4-0 button  w-full lg:h-18 h-16 px-1 transition bg-white !border-2 !rounded-lg !shadow-[2px_2px_#1A1A1A]"
        disabled={false}
        onClick={[Function]}
        type="button"
      >
        <div
          className="relative flex items-center justify-center "
        >
          <p
            className="block w-max font-semibold text-gray-900 text-xs py-1 "
          >
            Clean Water and Sanitation
          </p>
        </div>
      </button>
    </div>
    <div
      className="w-[33%] flex justify-center lg:py-3 lg:px-3 md:py-2 md:px-2 py-1 px-1 "
    >
      <button
        className="button__ButtonWrapper-sc-1aw98b4-0 button  w-full lg:h-18 h-16 px-1 transition bg-white !border-2 !rounded-lg !shadow-[2px_2px_#1A1A1A]"
        disabled={false}
        onClick={[Function]}
        type="button"
      >
        <div
          className="relative flex items-center justify-center "
        >
          <p
            className="block w-max font-semibold text-gray-900 text-xs py-1 "
          >
            Affordable and Clean Energy
          </p>
        </div>
      </button>
    </div>
    <div
      className="w-[33%] flex justify-center lg:py-3 lg:px-3 md:py-2 md:px-2 py-1 px-1 "
    >
      <button
        className="button__ButtonWrapper-sc-1aw98b4-0 button  w-full lg:h-18 h-16 px-1 transition bg-white !border-2 !rounded-lg !shadow-[2px_2px_#1A1A1A]"
        disabled={false}
        onClick={[Function]}
        type="button"
      >
        <div
          className="relative flex items-center justify-center "
        >
          <p
            className="block w-max font-semibold text-gray-900 text-xs py-1 "
          >
            Decent Work and Economic Growth
          </p>
        </div>
      </button>
    </div>
    <div
      className="w-[33%] flex justify-center lg:py-3 lg:px-3 md:py-2 md:px-2 py-1 px-1 "
    >
      <button
        className="button__ButtonWrapper-sc-1aw98b4-0 button  w-full lg:h-18 h-16 px-1 transition bg-white !border-2 !rounded-lg !shadow-[2px_2px_#1A1A1A]"
        disabled={false}
        onClick={[Function]}
        type="button"
      >
        <div
          className="relative flex items-center justify-center "
        >
          <p
            className="block w-max font-semibold text-gray-900 text-xs py-1 "
          >
            Industry, Innovation, and Infrastructure
          </p>
        </div>
      </button>
    </div>
    <div
      className="w-[33%] flex justify-center lg:py-3 lg:px-3 md:py-2 md:px-2 py-1 px-1 "
    >
      <button
        className="button__ButtonWrapper-sc-1aw98b4-0 button  w-full lg:h-18 h-16 px-1 transition bg-white !border-2 !rounded-lg !shadow-[2px_2px_#1A1A1A]"
        disabled={false}
        onClick={[Function]}
        type="button"
      >
        <div
          className="relative flex items-center justify-center "
        >
          <p
            className="block w-max font-semibold text-gray-900 text-xs py-1 "
          >
            Reduced Inequalities
          </p>
        </div>
      </button>
    </div>
    <div
      className="w-[33%] flex justify-center lg:py-3 lg:px-3 md:py-2 md:px-2 py-1 px-1 "
    >
      <button
        className="button__ButtonWrapper-sc-1aw98b4-0 button  w-full lg:h-18 h-16 px-1 transition bg-white !border-2 !rounded-lg !shadow-[2px_2px_#1A1A1A]"
        disabled={false}
        onClick={[Function]}
        type="button"
      >
        <div
          className="relative flex items-center justify-center "
        >
          <p
            className="block w-max font-semibold text-gray-900 text-xs py-1 "
          >
            Sustainable Cities and Communities
          </p>
        </div>
      </button>
    </div>
    <div
      className="w-[33%] flex justify-center lg:py-3 lg:px-3 md:py-2 md:px-2 py-1 px-1 "
    >
      <button
        className="button__ButtonWrapper-sc-1aw98b4-0 button  w-full lg:h-18 h-16 px-1 transition bg-white !border-2 !rounded-lg !shadow-[2px_2px_#1A1A1A]"
        disabled={false}
        onClick={[Function]}
        type="button"
      >
        <div
          className="relative flex items-center justify-center "
        >
          <p
            className="block w-max font-semibold text-gray-900 text-xs py-1 "
          >
            Responsible Consumption/ Production
          </p>
        </div>
      </button>
    </div>
    <div
      className="w-[33%] flex justify-center lg:py-3 lg:px-3 md:py-2 md:px-2 py-1 px-1 "
    >
      <button
        className="button__ButtonWrapper-sc-1aw98b4-0 button  w-full lg:h-18 h-16 px-1 transition bg-white !border-2 !rounded-lg !shadow-[2px_2px_#1A1A1A]"
        disabled={false}
        onClick={[Function]}
        type="button"
      >
        <div
          className="relative flex items-center justify-center "
        >
          <p
            className="block w-max font-semibold text-gray-900 text-xs py-1 "
          >
            Life Below Water
          </p>
        </div>
      </button>
    </div>
    <div
      className="w-[33%] flex justify-center lg:py-3 lg:px-3 md:py-2 md:px-2 py-1 px-1 "
    >
      <button
        className="button__ButtonWrapper-sc-1aw98b4-0 button  w-full lg:h-18 h-16 px-1 transition bg-white !border-2 !rounded-lg !shadow-[2px_2px_#1A1A1A]"
        disabled={false}
        onClick={[Function]}
        type="button"
      >
        <div
          className="relative flex items-center justify-center "
        >
          <p
            className="block w-max font-semibold text-gray-900 text-xs py-1 "
          >
            Life on Land
          </p>
        </div>
      </button>
    </div>
    <div
      className="w-[33%] flex justify-center lg:py-3 lg:px-3 md:py-2 md:px-2 py-1 px-1 "
    >
      <button
        className="button__ButtonWrapper-sc-1aw98b4-0 button  w-full lg:h-18 h-16 px-1 transition bg-white !border-2 !rounded-lg !shadow-[2px_2px_#1A1A1A]"
        disabled={false}
        onClick={[Function]}
        type="button"
      >
        <div
          className="relative flex items-center justify-center "
        >
          <p
            className="block w-max font-semibold text-gray-900 text-xs py-1 "
          >
            Peace, Justice and Strong Institutions
          </p>
        </div>
      </button>
    </div>
    <div
      className="w-[33%] flex justify-center lg:py-3 lg:px-3 md:py-2 md:px-2 py-1 px-1 "
    >
      <button
        className="button__ButtonWrapper-sc-1aw98b4-0 button  w-full lg:h-18 h-16 px-1 transition bg-white !border-2 !rounded-lg !shadow-[2px_2px_#1A1A1A]"
        disabled={false}
        onClick={[Function]}
        type="button"
      >
        <div
          className="relative flex items-center justify-center "
        >
          <p
            className="block w-max font-semibold text-gray-900 text-xs py-1 "
          >
            Climate Action
          </p>
        </div>
      </button>
    </div>
  </div>
</div>
`;
