// Jest Snapshot v1, https://goo.gl/fbAQLP

exports[`renders correctly 1`] = `
<img
  alt="PebbleWork Logo"
  className="max-h-[32.32px] max-w-[100.75px] md:max-h-full md:max-w-full"
  data-nimg="1"
  decoding="async"
  height={69.13}
  onError={[Function]}
  onLoad={[Function]}
  src="/_next/image?url=%2Fimg.jpg&w=640&q=75"
  srcSet="/_next/image?url=%2Fimg.jpg&w=256&q=75 1x, /_next/image?url=%2Fimg.jpg&w=640&q=75 2x"
  style={
    Object {
      "color": "transparent",
    }
  }
  width={215.44}
/>
`;
