// Jest Snapshot v1, https://goo.gl/fbAQLP

exports[`renders correctly 1`] = `
<button
  className="w-full lg:w-auto bg-primary-200 focus:outline-none text-white font-semibold rounded-lg text-md px-5 py-3 flex gap-x-2 items-center"
>
  <span
    aria-hidden={true}
    className="loading__LoadingWrapper-sc-43dx6p-0 hEsmJL hidden size-sm style-orange spinner"
    size="sm"
  />
</button>
`;
